[numerous-nonogon-655471.framer.app/index.html]
[backblue.gif]
[fade.gif]
[index.html]
[framerusercontent.com/images/vBe56549gs4eoEzOSmyUR33ZTjI.png]
[framerusercontent.com/images/AVsssNQRylEZc5orEWvz8Q1wQT4372c.gif]
[framerusercontent.com/images/IUYreEo8ON7qCLgK2tgDOW0xoI.jpg]
[numerous-nonogon-655471.framer.app/about.html]
[numerous-nonogon-655471.framer.app/projects.html]
[numerous-nonogon-655471.framer.app/blogs.html]
[framerusercontent.com/images/VRQgkdWsjawSg1qpCm45HfSY1I75d1.jpg]
[framerusercontent.com/images/qrxY8NagVO40NBrdhFEGgFR3PYYe606.jpg]
[numerous-nonogon-655471.framer.app/projects/summer-vibes-festival-campaign.html]
[framerusercontent.com/images/w08JBQPFYIq2vr4OfcD9W6vxEug16b1.jpg]
[framerusercontent.com/images/qbjsnnvP9w7UaA2syp36oUe8OSo16b1.jpg]
[numerous-nonogon-655471.framer.app/projects/coral-spiral-abstract.html]
[numerous-nonogon-655471.framer.app/projects/shopease-redesign-sprint.html]
[framerusercontent.com/images/nTU7b0ZAdWdlqCI4mQ4tGTPpDsc0cf.jpg]
[numerous-nonogon-655471.framer.app/projects/black-geometric-prisms.html]
[framerusercontent.com/images/2nWXrWvPxxMHSpsOkNYf8KjzP7Q16b1.jpg]
[framerusercontent.com/images/xPotMb4VrNT5rTGtXQvpYqXunU12f3.jpg]
[framerusercontent.com/images/hleE21gbHw2Y29KULoer3tF812f3.jpg]
[framerusercontent.com/images/RTNUbNmEH3Lg1VzA3NOYHdp3bHQ12f3.jpg]
[framerusercontent.com/images/ZbUvwGb7xhhwmovo3t9YO4bAIGs12f3.jpg]
[numerous-nonogon-655471.framer.app/blogs/5-design-trends-that-will-define-2024.html]
[framerusercontent.com/images/1wFj19qQG6zNr7gj3iTlH0Gdlu8c0cf.jpg]
[numerous-nonogon-655471.framer.app/blogs/how-to-streamline-your-design-workflow.html]
[framerusercontent.com/images/xmKml0E7v2iBI4zbbj0yVccaQwgc0cf.jpg]
[framerusercontent.com/images/ZdGiQIvKJf4dbNyeWSaZP6Vyw.png]
[numerous-nonogon-655471.framer.app/index.html]
[ga.jspm.io/npm_es-module-shims@1.6.3/dist/es-module-shims.js]
[framerusercontent.com/modules/7juSywEoYCCuVCExkmc3/TBiWCL2iHvr7OIhXALNs/augiA20Il.js]
[framerusercontent.com/modules/qHd7JTL4jSNIPlynfjrN/Hqcs8BtFTIF3UOzHtZlu/o1ZMLh8zw.js]
[framerusercontent.com/modules/4N9nG3lZli47T4vblt2p/oceHE80E2nEcykVELyJE/lueURcYDk.js]
[framerusercontent.com/modules/bdHf7k0wuk2yE5dm8yor/cKbPVNFVmuJ9ZfY2sb6L/dZoiRDoY3.js]
[framerusercontent.com/modules/cDmEuh0PfMpnbPo3czeP/hDCglPRAtgDtou5Fk4LJ/qcDDX8i1m.js]
[framerusercontent.com/modules/kGugTQHyqhFh3mkHov3Z/OGZb6Y4g72Zjf2iWoX1I/XUv0H5ZdT.js]
[framerusercontent.com/modules/u8yjapwvKsH4Dp9Dn6nr/6s6BqqVR168soRbJ3t5o/fOQOmLscg.js]
[framerusercontent.com/modules/9Y44oA2I2p8QvoD55MmB/gV5tuy6R8OZop4wuKgZO/l9KTJXLB2.js]
[framerusercontent.com/modules/ueDyhi1sVXbaWJ0uxCx7/73Y3cajlVMVongUB4PV8/vW1JQClGO.js]
[framerusercontent.com/modules/jARtEwhegFnbnPF7uPn0/6aTRK4SDNEWnz4jdPEcA/snippets.js]
[numerous-nonogon-655471.framer.app/about.html]
[numerous-nonogon-655471.framer.app/projects.html]
[numerous-nonogon-655471.framer.app/blogs.html]
[numerous-nonogon-655471.framer.app/projects/summer-vibes-festival-campaign.html]
[numerous-nonogon-655471.framer.app/projects/coral-spiral-abstract.html]
[numerous-nonogon-655471.framer.app/projects/shopease-redesign-sprint.html]
[numerous-nonogon-655471.framer.app/projects/black-geometric-prisms.html]
[numerous-nonogon-655471.framer.app/blogs/5-design-trends-that-will-define-2024.html]
[numerous-nonogon-655471.framer.app/blogs/how-to-streamline-your-design-workflow.html]
[framerusercontent.com/images/1wFj19qQG6zNr7gj3iTlH0Gdlu868cb.json]
[framerusercontent.com/images/xmKml0E7v2iBI4zbbj0yVccaQwgac85.json]
[framerusercontent.com/images/w08JBQPFYIq2vr4OfcD9W6vxEugbf25.json]
[framerusercontent.com/images/qbjsnnvP9w7UaA2syp36oUe8OSo542f.json]
[framerusercontent.com/images/nTU7b0ZAdWdlqCI4mQ4tGTPpDs09b0.json]
[framerusercontent.com/images/2nWXrWvPxxMHSpsOkNYf8KjzP7Q8054.json]
